
> website@0.0.0 build
> bash scripts/build.sh

[INFO] [en] Creating an optimized production build...
[webpackbar] ℹ Compiling Client
[webpackbar] ℹ Compiling Server
[webpackbar] ✔ Server: Compiled with some errors in 40.62s
[webpackbar] ✔ Client: Compiled with some errors in 1.57m
[ERROR] Client bundle compiled with errors therefore further build is impossible.
Error: MDX compilation failed for file "/Users/mjs/Documents/code/panaversity-official/tutorsgpt/md/book-source/docs/02-AI-Tool-Landscape/06-gemini-cli-installation-and-basics/02-installation-authentication-first-steps.md"
Cause: Markdown image with URL `/img/part-2/chapter-06/gemini-cli-terminal-interface.png` in source file "docs/02-AI-Tool-Landscape/06-gemini-cli-installation-and-basics/02-installation-authentication-first-steps.md" (210:1) couldn't be resolved to an existing local image file.
To ignore this error, use the `siteConfig.markdown.hooks.onBrokenMarkdownImages` option, or apply the `pathname://` protocol to the broken image URLs.
Details:
Error: Markdown image with URL `/img/part-2/chapter-06/gemini-cli-terminal-interface.png` in source file "docs/02-AI-Tool-Landscape/06-gemini-cli-installation-and-basics/02-installation-authentication-first-steps.md" (210:1) couldn't be resolved to an existing local image file.
To ignore this error, use the `siteConfig.markdown.hooks.onBrokenMarkdownImages` option, or apply the `pathname://` protocol to the broken image URLs.
    at async Promise.all (index 1)

--------------------------

Error: MDX compilation failed for file "/Users/mjs/Documents/code/panaversity-official/tutorsgpt/md/book-source/docs/02-AI-Tool-Landscape/09-git-and-github/03-testing-ai-safely-with-branches.md"
Cause: Markdown image with URL `/img/part-2/chapter-09/merge-conflict-resolution-anatomy.png` in source file "docs/02-AI-Tool-Landscape/09-git-and-github/03-testing-ai-safely-with-branches.md" (375:1) couldn't be resolved to an existing local image file.
To ignore this error, use the `siteConfig.markdown.hooks.onBrokenMarkdownImages` option, or apply the `pathname://` protocol to the broken image URLs.
Details:
Error: Markdown image with URL `/img/part-2/chapter-09/merge-conflict-resolution-anatomy.png` in source file "docs/02-AI-Tool-Landscape/09-git-and-github/03-testing-ai-safely-with-branches.md" (375:1) couldn't be resolved to an existing local image file.
To ignore this error, use the `siteConfig.markdown.hooks.onBrokenMarkdownImages` option, or apply the `pathname://` protocol to the broken image URLs.
    at async Promise.all (index 2)

--------------------------

Module not found: Error: Can't resolve 'react-markdown' in '/Users/mjs/Documents/code/panaversity-official/tutorsgpt/md/book-source/src/components/quiz'
